{
"issues":  [
{
"id":  "S5766",
"message":  "Make sure not performing data validation after deserialization is safe here.",
"location":  {
"uri":  "sources\akka.net\src\contrib\cluster\Akka.Cluster.Tools\Client\ClusterReceptionist.cs",
"region":  {
"startLine":  62,
"startColumn":  13,
"endLine":  65,
"endColumn":  14
}
}
},
{
"id":  "S5766",
"message":  "Make sure not performing data validation after deserialization is safe here.",
"location":  {
"uri":  "sources\akka.net\src\contrib\cluster\Akka.Cluster.Tools\Client\ClusterReceptionistSettings.cs",
"region":  {
"startLine":  52,
"startColumn":  9,
"endLine":  57,
"endColumn":  10
}
}
},
{
"id":  "S5766",
"message":  "Make sure not performing data validation after deserialization is safe here.",
"location":  {
"uri":  "sources\akka.net\src\contrib\cluster\Akka.Cluster.Tools\PublishSubscribe\DistributedMessages.cs",
"region":  {
"startLine":  90,
"startColumn":  13,
"endLine":  97,
"endColumn":  14
}
}
},
{
"id":  "S5766",
"message":  "Make sure not performing data validation after deserialization is safe here.",
"location":  {
"uri":  "sources\akka.net\src\contrib\cluster\Akka.Cluster.Tools\PublishSubscribe\DistributedMessages.cs",
"region":  {
"startLine":  137,
"startColumn":  13,
"endLine":  144,
"endColumn":  14
}
}
},
{
"id":  "S5766",
"message":  "Make sure not performing data validation after deserialization is safe here.",
"location":  {
"uri":  "sources\akka.net\src\contrib\cluster\Akka.Cluster.Tools\PublishSubscribe\DistributedMessages.cs",
"region":  {
"startLine":  406,
"startColumn":  13,
"endLine":  409,
"endColumn":  14
}
}
},
{
"id":  "S5766",
"message":  "Make sure not performing data validation after deserialization is safe here.",
"location":  {
"uri":  "sources\akka.net\src\contrib\cluster\Akka.Cluster.Tools\PublishSubscribe\Internal\TopicMessages.cs",
"region":  {
"startLine":  72,
"startColumn":  9,
"endLine":  75,
"endColumn":  10
}
}
},
{
"id":  "S5766",
"message":  "Make sure not performing data validation after deserialization is safe here.",
"location":  {
"uri":  "sources\akka.net\src\contrib\cluster\Akka.Cluster.Tools\PublishSubscribe\Internal\TopicMessages.cs",
"region":  {
"startLine":  83,
"startColumn":  9,
"endLine":  86,
"endColumn":  10
}
}
},
{
"id":  "S5766",
"message":  "Make sure not performing data validation after deserialization is safe here.",
"location":  {
"uri":  "sources\akka.net\src\contrib\cluster\Akka.Cluster.Tools\Singleton\ClusterSingletonManagerSettings.cs",
"region":  {
"startLine":  64,
"startColumn":  9,
"endLine":  77,
"endColumn":  10
}
}
}
]
}
