{
"issues":  [
{
"id":  "S5766",
"message":  "Make sure not performing data validation after deserialization is safe here.",
"location":  {
"uri":  "sources\akka.net\src\core\Akka.Persistence\AtLeastOnceDeliverySemantic.cs",
"region":  {
"startLine":  133,
"startColumn":  9,
"endLine":  140,
"endColumn":  10
}
}
},
{
"id":  "S5766",
"message":  "Make sure not performing data validation after deserialization is safe here.",
"location":  {
"uri":  "sources\akka.net\src\core\Akka.Persistence\Journal\AsyncWriteProxy.cs",
"region":  {
"startLine":  53,
"startColumn":  9,
"endLine":  59,
"endColumn":  10
}
}
},
{
"id":  "S5766",
"message":  "Make sure not performing data validation after deserialization is safe here.",
"location":  {
"uri":  "sources\akka.net\src\core\Akka.Persistence\Journal\AsyncWriteProxy.cs",
"region":  {
"startLine":  72,
"startColumn":  13,
"endLine":  78,
"endColumn":  14
}
}
},
{
"id":  "S5766",
"message":  "Make sure not performing data validation after deserialization is safe here.",
"location":  {
"uri":  "sources\akka.net\src\core\Akka.Persistence\JournalProtocol.cs",
"region":  {
"startLine":  100,
"startColumn":  9,
"endLine":  106,
"endColumn":  10
}
}
},
{
"id":  "S5766",
"message":  "Make sure not performing data validation after deserialization is safe here.",
"location":  {
"uri":  "sources\akka.net\src\core\Akka.Persistence\JournalProtocol.cs",
"region":  {
"startLine":  140,
"startColumn":  9,
"endLine":  147,
"endColumn":  10
}
}
},
{
"id":  "S5766",
"message":  "Make sure not performing data validation after deserialization is safe here.",
"location":  {
"uri":  "sources\akka.net\src\core\Akka.Persistence\JournalProtocol.cs",
"region":  {
"startLine":  193,
"startColumn":  9,
"endLine":  199,
"endColumn":  10
}
}
},
{
"id":  "S5766",
"message":  "Make sure not performing data validation after deserialization is safe here.",
"location":  {
"uri":  "sources\akka.net\src\core\Akka.Persistence\JournalProtocol.cs",
"region":  {
"startLine":  310,
"startColumn":  9,
"endLine":  316,
"endColumn":  10
}
}
},
{
"id":  "S5766",
"message":  "Make sure not performing data validation after deserialization is safe here.",
"location":  {
"uri":  "sources\akka.net\src\core\Akka.Persistence\JournalProtocol.cs",
"region":  {
"startLine":  398,
"startColumn":  9,
"endLine":  406,
"endColumn":  10
}
}
},
{
"id":  "S5766",
"message":  "Make sure not performing data validation after deserialization is safe here.",
"location":  {
"uri":  "sources\akka.net\src\core\Akka.Persistence\JournalProtocol.cs",
"region":  {
"startLine":  692,
"startColumn":  9,
"endLine":  698,
"endColumn":  10
}
}
},
{
"id":  "S5766",
"message":  "Make sure not performing data validation after deserialization is safe here.",
"location":  {
"uri":  "sources\akka.net\src\core\Akka.Persistence\JournalProtocol.cs",
"region":  {
"startLine":  818,
"startColumn":  9,
"endLine":  824,
"endColumn":  10
}
}
},
{
"id":  "S5766",
"message":  "Make sure not performing data validation after deserialization is safe here.",
"location":  {
"uri":  "sources\akka.net\src\core\Akka.Persistence\Persistent.cs",
"region":  {
"startLine":  120,
"startColumn":  9,
"endLine":  128,
"endColumn":  10
}
}
},
{
"id":  "S5766",
"message":  "Make sure not performing data validation after deserialization is safe here.",
"location":  {
"uri":  "sources\akka.net\src\core\Akka.Persistence\Snapshot.cs",
"region":  {
"startLine":  440,
"startColumn":  9,
"endLine":  447,
"endColumn":  10
}
}
},
{
"id":  "S5766",
"message":  "Make sure not performing data validation after deserialization is safe here.",
"location":  {
"uri":  "sources\akka.net\src\core\Akka.Persistence\Snapshot.cs",
"region":  {
"startLine":  485,
"startColumn":  9,
"endLine":  491,
"endColumn":  10
}
}
}
]
}
